https://a.com/dir/sub
https://a.com/dir/sub/file.txt
https://a.com/dir/other
https://a.com/dir//other
https://a.com/dir/
https://a.com/dir/sub
https://a.com/dir/hello%20world
https://a.com/dir/a%2Fb
https://a.com/dir/sub
https://a.com/dir/sub
file:///a/b.txt
file:///a/b
file:///a/b
file:///home/.bashrc
file:///a/c
file:///a/b
file:///a//b
file:///a
file:///
file:///
https://a.com/x/z
file:///a/c
https://a.com/x
file:///tmp/foo
file:///a/c
file:///private/tmp/a
https://a.com/y
file:///a/c
