timeZone: GMT year: 2024 month: 6 day: 21 
timeZone: GMT year: 2024 month: 6 day: 21 
calendar: gregorian (gregorian) locale:  time zone: GMT firstWeekday: 1 minDaysInFirstWeek: 1 year: 2024 month: 6 day: 21 
calendar: gregorian (gregorian) locale:  time zone: GMT firstWeekday: 1 minDaysInFirstWeek: 1 year: 2024 month: 6 day: 21 
calendar: gregorian (gregorian) locale:  time zone: GMT firstWeekday: 1 minDaysInFirstWeek: 1 timeZone: GMT year: 2024 month: 6 
calendar: gregorian (gregorian) locale:  time zone: GMT firstWeekday: 1 minDaysInFirstWeek: 1 timeZone: GMT year: 2024 month: 6 
GMT
GMT
GMT
GMT

true
calendar: gregorian (gregorian) locale:  time zone: GMT firstWeekday: 1 minDaysInFirstWeek: 1 year: 2024 month: 3 
