hasChanges (empty): false
hasChanges (inserted): true
insertedCount: 2
hasChanges (saved): false
fetchCount: 2
changedCount: 1
hasChanges (dirty): true
pages after rollback: 412
hasChanges (rolled back): false
deletedCount: 1
deletedCount after rollback: 0
fetchCount after rollback: 2
fetchCount after transaction: 4
hasChanges after transaction: false
config inMemory: true
config name: Library
descriptor limit: 2
descriptor offset: 1
descriptor sortBy count: 1
descriptor has predicate: false
paged titles: ["Dune", "Snow Crash"]
